Starting a Gradle Daemon, 3 busy and 1 incompatible Daemons could not be reused, use --status for details
> Task :compileJava
> Task :processResources UP-TO-DATE
> Task :classes
> Task :resolveMainClassName

> Task :bootRun

  .   ____          _            __ _ _
 /\\ / ___'_ __ _ _(_)_ __  __ _ \ \ \ \
( ( )\___ | '_ | '_| | '_ \/ _` | \ \ \ \
 \\/  ___)| |_)| | | | | || (_| |  ) ) ) )
  '  |____| .__|_| |_|_| |_\__, | / / / /
 =========|_|==============|___/=/_/_/_/

 :: Spring Boot ::                (v3.5.6)

2026-05-30T15:13:00.476+05:00  INFO 18208 --- [testCinema] [           main] c.c.testcinema.TestCinemaApplication     : Starting TestCinemaApplication using Java 17.0.17 with PID 18208 (C:\Users\Дамир\IdeaProjects\testCinema\build\classes\java\main started by Дамир in C:\Users\Дамир\IdeaProjects\testCinema)
2026-05-30T15:13:00.486+05:00  INFO 18208 --- [testCinema] [           main] c.c.testcinema.TestCinemaApplication     : No active profile set, falling back to 1 default profile: "default"
2026-05-30T15:13:02.699+05:00  INFO 18208 --- [testCinema] [           main] .s.d.r.c.RepositoryConfigurationDelegate : Multiple Spring Data modules found, entering strict repository configuration mode
2026-05-30T15:13:02.700+05:00  INFO 18208 --- [testCinema] [           main] .s.d.r.c.RepositoryConfigurationDelegate : Bootstrapping Spring Data JPA repositories in DEFAULT mode.
2026-05-30T15:13:03.235+05:00  INFO 18208 --- [testCinema] [           main] .s.d.r.c.RepositoryConfigurationDelegate : Finished Spring Data repository scanning in 509 ms. Found 18 JPA repository interfaces.
2026-05-30T15:13:05.972+05:00  INFO 18208 --- [testCinema] [           main] o.s.b.w.embedded.tomcat.TomcatWebServer  : Tomcat initialized with port 8080 (http)
2026-05-30T15:13:06.007+05:00  INFO 18208 --- [testCinema] [           main] o.apache.catalina.core.StandardService   : Starting service [Tomcat]
2026-05-30T15:13:06.008+05:00  INFO 18208 --- [testCinema] [           main] o.apache.catalina.core.StandardEngine    : Starting Servlet engine: [Apache Tomcat/10.1.46]
2026-05-30T15:13:06.219+05:00  INFO 18208 --- [testCinema] [           main] o.a.c.c.C.[Tomcat].[localhost].[/]       : Initializing Spring embedded WebApplicationContext
2026-05-30T15:13:06.221+05:00  INFO 18208 --- [testCinema] [           main] w.s.c.ServletWebServerApplicationContext : Root WebApplicationContext: initialization completed in 5584 ms
2026-05-30T15:13:07.235+05:00  INFO 18208 --- [testCinema] [           main] com.zaxxer.hikari.HikariDataSource       : HikariPool-1 - Starting...
2026-05-30T15:13:07.843+05:00  INFO 18208 --- [testCinema] [           main] com.zaxxer.hikari.pool.HikariPool        : HikariPool-1 - Added connection org.postgresql.jdbc.PgConnection@58b8f9e3
2026-05-30T15:13:07.849+05:00  INFO 18208 --- [testCinema] [           main] com.zaxxer.hikari.HikariDataSource       : HikariPool-1 - Start completed.
2026-05-30T15:13:07.958+05:00  INFO 18208 --- [testCinema] [           main] org.flywaydb.core.FlywayExecutor         : Database: jdbc:postgresql://localhost:5432/testdb (PostgreSQL 17.4)
2026-05-30T15:13:07.995+05:00  WARN 18208 --- [testCinema] [           main] o.f.c.internal.database.base.Database    : Flyway upgrade recommended: PostgreSQL 17.4 is newer than this version of Flyway and support has not been tested. The latest supported version of PostgreSQL is 16.
2026-05-30T15:13:08.212+05:00  INFO 18208 --- [testCinema] [           main] o.f.core.internal.command.DbValidate     : Successfully validated 29 migrations (execution time 00:00.175s)
2026-05-30T15:13:08.251+05:00  INFO 18208 --- [testCinema] [           main] o.f.core.internal.command.DbMigrate      : Current version of schema "public": 28
2026-05-30T15:13:08.259+05:00  INFO 18208 --- [testCinema] [           main] o.f.core.internal.command.DbMigrate      : Schema "public" is up to date. No migration necessary.
2026-05-30T15:13:08.522+05:00  INFO 18208 --- [testCinema] [           main] o.hibernate.jpa.internal.util.LogHelper  : HHH000204: Processing PersistenceUnitInfo [name: default]
2026-05-30T15:13:08.718+05:00  INFO 18208 --- [testCinema] [           main] org.hibernate.Version                    : HHH000412: Hibernate ORM core version 6.6.29.Final
2026-05-30T15:13:08.839+05:00  INFO 18208 --- [testCinema] [           main] o.h.c.internal.RegionFactoryInitiator    : HHH000026: Second-level cache disabled
2026-05-30T15:13:10.004+05:00  INFO 18208 --- [testCinema] [           main] o.s.o.j.p.SpringPersistenceUnitInfo      : No LoadTimeWeaver setup: ignoring JPA class transformer
2026-05-30T15:13:10.248+05:00  INFO 18208 --- [testCinema] [           main] org.hibernate.orm.connections.pooling    : HHH10001005: Database info:
	Database JDBC URL [Connecting through datasource 'HikariDataSource (HikariPool-1)']
	Database driver: undefined/unknown
	Database version: 17.4
	Autocommit mode: undefined/unknown
	Isolation level: undefined/unknown
	Minimum pool size: undefined/unknown
	Maximum pool size: undefined/unknown
2026-05-30T15:13:13.829+05:00  INFO 18208 --- [testCinema] [           main] o.h.e.t.j.p.i.JtaPlatformInitiator       : HHH000489: No JTA platform available (set 'hibernate.transaction.jta.platform' to enable JTA platform integration)
2026-05-30T15:13:13.959+05:00  INFO 18208 --- [testCinema] [           main] j.LocalContainerEntityManagerFactoryBean : Initialized JPA EntityManagerFactory for persistence unit 'default'
2026-05-30T15:13:15.199+05:00  INFO 18208 --- [testCinema] [           main] eAuthenticationProviderManagerConfigurer : Global AuthenticationManager configured with AuthenticationProvider bean with name daoAuthenticationProvider
2026-05-30T15:13:15.199+05:00  WARN 18208 --- [testCinema] [           main] r$InitializeUserDetailsManagerConfigurer : Global AuthenticationManager configured with an AuthenticationProvider bean. UserDetailsService beans will not be used by Spring Security for automatically configuring username/password login. Consider removing the AuthenticationProvider bean. Alternatively, consider using the UserDetailsService in a manually instantiated DaoAuthenticationProvider. If the current configuration is intentional, to turn off this warning, increase the logging level of 'org.springframework.security.config.annotation.authentication.configuration.InitializeUserDetailsBeanManagerConfigurer' to ERROR
2026-05-30T15:13:16.259+05:00  INFO 18208 --- [testCinema] [           main] o.s.d.j.r.query.QueryEnhancerFactory     : Hibernate is in classpath; If applicable, HQL parser will be used.
2026-05-30T15:13:20.956+05:00  WARN 18208 --- [testCinema] [           main] JpaBaseConfiguration$JpaWebConfiguration : spring.jpa.open-in-view is enabled by default. Therefore, database queries may be performed during view rendering. Explicitly configure spring.jpa.open-in-view to disable this warning
2026-05-30T15:13:23.592+05:00  INFO 18208 --- [testCinema] [           main] o.s.b.w.embedded.tomcat.TomcatWebServer  : Tomcat started on port 8080 (http) with context path '/'
2026-05-30T15:13:23.633+05:00  INFO 18208 --- [testCinema] [           main] c.c.testcinema.TestCinemaApplication     : Started TestCinemaApplication in 24.544 seconds (process running for 25.746)
2026-05-30T15:13:25.451+05:00  INFO 18208 --- [testCinema] [nio-8080-exec-1] o.a.c.c.C.[Tomcat].[localhost].[/]       : Initializing Spring DispatcherServlet 'dispatcherServlet'
2026-05-30T15:13:25.452+05:00  INFO 18208 --- [testCinema] [nio-8080-exec-1] o.s.web.servlet.DispatcherServlet        : Initializing Servlet 'dispatcherServlet'
2026-05-30T15:13:25.460+05:00  INFO 18208 --- [testCinema] [nio-8080-exec-1] o.s.web.servlet.DispatcherServlet        : Completed initialization in 6 ms
2026-05-30T15:13:40.762+05:00  INFO 18208 --- [testCinema] [nio-8080-exec-2] c.cinema.testcinema.auth.AuthController  : Login attempt for email=admin111@example.com
2026-05-30T15:13:43.359+05:00  INFO 18208 --- [testCinema] [nio-8080-exec-5] c.c.t.service.KinopoiskSyncService       : Synced: Зеленая книга | kpRating=8.5 | isDomestic=false | dir=Питер Фаррелли
